src/components/AddressManagement.tsx(49,62): error TS2554: Expected 0 arguments, but got 1.
src/components/AdvancedAnalytics.tsx(9,3): error TS6133: 'Eye' is declared but its value is never read.
src/components/AdvancedAnalytics.tsx(10,3): error TS6133: 'Heart' is declared but its value is never read.
src/components/LiveChatAI.tsx(3,45): error TS6133: 'Sparkles' is declared but its value is never read.
src/components/Navbar.tsx(6,1): error TS6133: 'CurrencySelector' is declared but its value is never read.
src/components/Navbar.tsx(9,1): error TS6133: 'analytics' is declared but its value is never read.
src/components/Navbar.tsx(17,10): error TS6133: 'isScrolled' is declared but its value is never read.
src/components/PasswordChange.tsx(50,17): error TS2339: Property 'changePassword' does not exist on type 'typeof import("C:/Users/shubh/Downloads/ecommerce-app/src/store/dataStore")'.
src/components/ProductCard.tsx(142,31): error TS2339: Property 'reviews' does not exist on type 'Product'.
src/components/ProductForm.tsx(74,10): error TS6133: 'isLoadingData' is declared but its value is never read.
src/components/ProductForm.tsx(120,5): error TS2322: Type '{ name: string; slug: string; description: string; categoryId: string; brand: string; price: number; originalPrice: number | undefined; discountPercentage: number | undefined; images: string; ... 34 more ...; wrinkleFree: boolean | undefined; }' is not assignable to type 'AsyncDefaultValues<{ name: string; price: number; colors: string; categoryId: string; sizes: string; slug: string; description: string; brand: string; images: string; thumbnail: string; stock: number; sku: string; ... 31 more ...; occasion?: string | undefined; }> | { ...; } | undefined'.
  Types of property 'fitType' are incompatible.
    Type '"Oversized" | "Slim Fit" | "Classic" | "Regular Fit" | "Relaxed Fit" | "Athletic Fit" | "Formal Fit" | "Skinny Fit" | "Straight Fit" | "Wide Fit" | undefined' is not assignable to type '"Oversized" | "Slim Fit" | "Classic" | "Regular Fit" | "Relaxed Fit" | "Athletic Fit" | "Formal Fit" | "Skinny Fit" | undefined'.
      Type '"Straight Fit"' is not assignable to type '"Oversized" | "Slim Fit" | "Classic" | "Regular Fit" | "Relaxed Fit" | "Athletic Fit" | "Formal Fit" | "Skinny Fit" | undefined'.
src/components/ProductForm.tsx(242,13): error TS2801: This condition will always return true since this 'Promise<import("C:/Users/shubh/Downloads/ecommerce-app/src/data/mockData").Product | undefined>' is always defined.
src/components/ProductForm.tsx(250,34): error TS2339: Property '_id' does not exist on type 'Promise<Product | undefined>'.
src/components/ProductForm.tsx(367,32): error TS2345: Argument of type '(data: ProductFormData) => Promise<void>' is not assignable to parameter of type 'SubmitHandler<TFieldValues>'.
  Types of parameters 'data' and 'data' are incompatible.
    Type 'TFieldValues' is not assignable to type '{ name: string; price: number; colors: string; categoryId: string; sizes: string; slug: string; description: string; brand: string; images: string; thumbnail: string; stock: number; sku: string; fabric?: string | undefined; ... 30 more ...; occasion?: string | undefined; }'.
      Type 'FieldValues' is missing the following properties from type '{ name: string; price: number; colors: string; categoryId: string; sizes: string; slug: string; description: string; brand: string; images: string; thumbnail: string; stock: number; sku: string; fabric?: string | undefined; ... 30 more ...; occasion?: string | undefined; }': name, price, colors, categoryId, and 8 more.
src/components/ProductRecommendations.tsx(22,10): error TS6133: 'loading' is declared but its value is never read.
src/components/ReferralProgram.tsx(21,65): error TS6133: 'onEarnReward' is declared but its value is never read.
src/components/ReferralProgram.tsx(23,9): error TS6133: 'formatPrice' is declared but its value is never read.
src/components/ReviewsSection.tsx(29,22): error TS2488: Type 'Promise<Review[]>' must have a '[Symbol.iterator]()' method that returns an iterator.
src/components/ReviewsSection.tsx(69,9): error TS2353: Object literal may only specify known properties, and 'title' does not exist in type 'Omit<Review, "_id" | "createdAt" | "updatedAt">'.
src/components/ReviewsSection.tsx(75,19): error TS2740: Type 'Promise<Review>' is missing the following properties from type 'Review': _id, productId, userId, userName, and 5 more.
src/components/ReviewsSection.tsx(265,31): error TS2339: Property 'verifiedPurchase' does not exist on type 'Review'.
src/components/ReviewsSection.tsx(285,23): error TS2339: Property 'title' does not exist on type 'Review'.
src/components/ReviewsSection.tsx(286,74): error TS2339: Property 'title' does not exist on type 'Review'.
src/components/SearchBar.tsx(4,1): error TS6133: 'VoiceSearch' is declared but its value is never read.
src/components/SearchBar.tsx(18,10): error TS6133: 'isLoadingSuggestions' is declared but its value is never read.
src/components/SimilarProducts.tsx(17,10): error TS6133: 'loading' is declared but its value is never read.
src/components/SizeRecommendationEngine.tsx(50,11): error TS6133: 'bmi' is declared but its value is never read.
src/components/SmartNotifications.tsx(39,9): error TS6133: 'user' is declared but its value is never read.
src/components/SocialProofNotifications.tsx(3,10): error TS6133: 'User' is declared but its value is never read.
src/components/SustainableImpactTracker.tsx(29,9): error TS6133: 'formatPrice' is declared but its value is never read.
src/pages/Checkout.tsx(72,64): error TS2554: Expected 0 arguments, but got 1.
src/pages/Products.tsx(8,1): error TS6133: 'SearchBar' is declared but its value is never read.
src/pages/Products.tsx(12,1): error TS6133: 'Breadcrumb' is declared but its value is never read.
src/pages/Products.tsx(82,53): error TS6133: 'index' is declared but its value is never read.
src/pages/Products.tsx(270,9): error TS6133: 'handleSearchChange' is declared but its value is never read.
src/pages/Products.tsx(282,28): error TS6133: 'productId' is declared but its value is never read.
src/pages/Products.tsx(390,27): error TS6133: 'isLastRowSm' is declared but its value is never read.
src/pages/Products.tsx(392,27): error TS6133: 'isLastInRowSm' is declared but its value is never read.
src/pages/Products.tsx(393,27): error TS6133: 'isLastInRowLg' is declared but its value is never read.
src/pages/Profile.tsx(6,10): error TS6133: 'Link' is declared but its value is never read.
src/pages/Profile.tsx(29,17): error TS6133: 'logout' is declared but its value is never read.
src/pages/Profile.tsx(31,9): error TS6133: 'formatPrice' is declared but its value is never read.
src/pages/Profile.tsx(101,17): error TS2339: Property 'updateUser' does not exist on type 'typeof import("C:/Users/shubh/Downloads/ecommerce-app/src/store/dataStore")'.
src/pages/Profile.tsx(129,19): error TS2339: Property 'updateUser' does not exist on type 'typeof import("C:/Users/shubh/Downloads/ecommerce-app/src/store/dataStore")'.
src/services/addressService.ts(47,11): error TS18046: 'error' is of type 'unknown'.
src/services/addressService.ts(85,23): error TS18046: 'error' is of type 'unknown'.
src/services/couponService.ts(58,11): error TS18046: 'error' is of type 'unknown'.
src/services/index.ts(2,59): error TS6133: 'Coupon' is declared but its value is never read.
src/services/reviewService.ts(59,11): error TS18046: 'error' is of type 'unknown'.
src/store/cartStore.ts(19,11): error TS6196: 'ApiResponseCartItem' is declared but never used.
src/store/cartStore.ts(59,22): error TS2339: Property 'subtotal' does not exist on type 'CartItem'.
src/store/cartStore.ts(70,5): error TS2322: Type 'CartItem[] | null' is not assignable to type 'CartItem[]'.
  Type 'null' is not assignable to type 'CartItem[]'.
src/store/cartStore.ts(107,13): error TS2741: Property 'addedAt' is missing in type '{ id: string; productId: string; variantId: string | undefined; name: string; image: string; quantity: number; unitPrice: number; size: string | undefined; color: string | undefined; subtotal: any; }' but required in type 'CartItem'.
src/store/cartStore.ts(117,29): error TS2339: Property 'subtotal' does not exist on type 'CartItem'.
src/store/wishlistStore.ts(5,11): error TS6196: 'ApiResponseWishlistItem' is declared but never used.
src/store/wishlistStore.ts(40,5): error TS2322: Type 'string[] | null' is not assignable to type 'string[]'.
  Type 'null' is not assignable to type 'string[]'.
src/store/wishlistStore.ts(45,7): error TS6133: 'clearCache' is declared but its value is never read.
src/utils/sitemapGenerator.ts(70,12): error TS2339: Property 'forEach' does not exist on type 'Promise<Product[]>'.
src/utils/sitemapGenerator.ts(70,21): error TS7006: Parameter 'product' implicitly has an 'any' type.
src/utils/sitemapGenerator.ts(122,12): error TS2339: Property 'forEach' does not exist on type 'Promise<Product[]>'.
src/utils/sitemapGenerator.ts(122,21): error TS7006: Parameter 'product' implicitly has an 'any' type.
